[eokulyd.meb.gov.tr/index.html]
[eokulyd.meb.gov.tr/theme/able/assets/css/bootstrap.min.css]
[eokulyd.meb.gov.tr/theme/able/assets/css/loginstyle3cc5.css]
[backblue.gif]
[fade.gif]
[index.html]
[eokulyd.meb.gov.tr/theme/able/assets/js/jquery.min.js]
[eokulyd.meb.gov.tr/theme/able/assets/js/popper.js]
[eokulyd.meb.gov.tr/theme/able/assets/js/bootstrap.min.js]
[eokulyd.meb.gov.tr/theme/CommonJsCss/Js/eokullib.js]
[eokulyd.meb.gov.tr/theme/able/assets/images/eokullogo.png]
[eokulyd.meb.gov.tr/theme/able/assets/images/nav.png]
[eokulyd.meb.gov.tr/IlkOgretim/MEM/IOM00010.html]
[eokulyd.meb.gov.tr/sifrehatirlat.html]
[eokulyd.meb.gov.tr/theme/able/assets/images/butonsol.png]
[eokulyd.meb.gov.tr/theme/able/assets/images/butonsag.png]
[eokulyd.meb.gov.tr/theme/able/assets/images/icon-haber.png]
[eokulyd.meb.gov.tr/theme/able/assets/images/icon-sinavnakil.png]
[eokulyd.meb.gov.tr/SinavIslemleri/BasvuruIslemleri/GSSL/SNV19019.html]
[eokulyd.meb.gov.tr/theme/able/assets/images/yonetici.png]
[eokulyd.meb.gov.tr/hata_yakalaf61d.html]
[eokulyd.meb.gov.tr/images/giriskod.jpg]
[eokulyd.meb.gov.tr/common/soundogg4564.html]
[eokulyd.meb.gov.tr/common/soundmp34564.html]
[eokulyd.meb.gov.tr/theme/able/assets/images/edevlet-icon.png]
[eokulyd.meb.gov.tr/theme/able/assets/images/icon-eokullogin.png]
[eokulyd.meb.gov.tr/theme/able/assets/images/mebanahtar.png]
[eokulyd.meb.gov.tr/Scripts/AlanKontrole67d.js]
[eokulyd.meb.gov.tr/Scripts/logineokul2048.js]
[eokulyd.meb.gov.tr/theme/able/assets/js/plugins/sweetalert.min.js]
[eokulyd.meb.gov.tr/theme/CommonJsCss/Js/eokullibf9e3.js]
[eokulyd.meb.gov.tr/index.html]
[eokulyd.meb.gov.tr/theme/able/assets/css/bootstrap.min.css]
[eokulyd.meb.gov.tr/theme/able/assets/fonts/MyriadPro-Regular.eot]
[eokulyd.meb.gov.tr/theme/able/assets/fonts/MyriadPro-Regulard41d.eot]
[eokulyd.meb.gov.tr/theme/able/assets/fonts/MyriadPro-Regular.woff]
[eokulyd.meb.gov.tr/theme/able/assets/fonts/MyriadPro-Bold.eot]
[eokulyd.meb.gov.tr/theme/able/assets/fonts/MyriadPro-Bold.woff]
[eokulyd.meb.gov.tr/theme/able/assets/images/bg.jpg]
[eokulyd.meb.gov.tr/theme/able/assets/images/arkaplann.png]
[eokulyd.meb.gov.tr/theme/able/assets/images/icon-right-arrow.png]
[eokulyd.meb.gov.tr/theme/able/assets/images/login-bg.png]
[eokulyd.meb.gov.tr/theme/able/assets/css/loginstyle3cc5.css]
[eokulyd.meb.gov.tr/Styles/style.css]
[eokulyd.meb.gov.tr/Scripts/kabartma.js]
[eokulyd.meb.gov.tr/scripts/alankontrol.js]
[eokulyd.meb.gov.tr/Scripts/Submit.vbs]
[eokulyd.meb.gov.tr/images/hatauyari_r1_c1.jpg]
[eokulyd.meb.gov.tr/css/eokul.css]
[eokulyd.meb.gov.tr/IlkOgretim/MEM/IOM00010.html]
[eokulyd.meb.gov.tr/WebResource4949.js]
[eokulyd.meb.gov.tr/WebResource65f4.js]
[eokulyd.meb.gov.tr/common/soundogg0e88.html]
[eokulyd.meb.gov.tr/common/soundmp30e88.html]
[eokulyd.meb.gov.tr/sifrehatirlat.html]
[eokulyd.meb.gov.tr/scripts/kabartma-2.js]
[eokulyd.meb.gov.tr/theme/able/assets/css/plugins/select2.min.css]
[eokulyd.meb.gov.tr/theme/able/assets/css/eokulmenuicon.css]
[eokulyd.meb.gov.tr/theme/able/assets/css/style.css]
[eokulyd.meb.gov.tr/theme/assets/chosen-bootstrap/chosen/chosen.jquery.min.js]
[eokulyd.meb.gov.tr/theme/able/assets/js/plugins/select2.full.min.js]
[eokulyd.meb.gov.tr/theme/CommonJsCss/Js/ComboDoldur.js]
[eokulyd.meb.gov.tr/SinavIslemleri/BasvuruIslemleri/GSSL/SNV19019e67d.js]
[eokulyd.meb.gov.tr/SinavIslemleri/BasvuruIslemleri/GSSL/SNV19019.html]
[eokulyd.meb.gov.tr/images/hata.jpg]
[eokulyd.meb.gov.tr/hata_yakalaf61d.html]
[eokulyd.meb.gov.tr/common/soundogg4564.html]
[eokulyd.meb.gov.tr/common/soundmp34564.html]
[eokulyd.meb.gov.tr/theme/able/assets/fonts/MyriadPro-Regular.html]
[eokulyd.meb.gov.tr/theme/able/assets/fonts/MyriadPro-Bold.html]
[eokulyd.meb.gov.tr/theme/able/assets/fonts/MyriadPro-Regular-2.html]
[eokulyd.meb.gov.tr/theme/able/assets/fonts/MyriadPro-Regular-3.html]
[eokulyd.meb.gov.tr/theme/able/assets/fonts/MyriadPro-Boldd41d.html]
[eokulyd.meb.gov.tr/theme/able/assets/fonts/MyriadPro-Bold-2.html]
[eokulyd.meb.gov.tr/theme/able/assets/fonts/MyriadPro-Bold-3.html]
[eokulyd.meb.gov.tr/Styles/style.css]
[eokulyd.meb.gov.tr/css/eokul.css]
[eokulyd.meb.gov.tr/0123456789/index.html]
[eokulyd.meb.gov.tr/01/index.html]
[eokulyd.meb.gov.tr/WebResource4949.js]
[eokulyd.meb.gov.tr/WebResource65f4.js]
[eokulyd.meb.gov.tr/common/soundogg0e88.html]
[eokulyd.meb.gov.tr/common/soundmp30e88.html]
[eokulyd.meb.gov.tr/theme/able/assets/css/plugins/select2.min.css]
[eokulyd.meb.gov.tr/theme/able/assets/css/plugins/animate.min.css]
[eokulyd.meb.gov.tr/theme/able/assets/fonts/pct.eot]
[eokulyd.meb.gov.tr/theme/able/assets/fonts/pctd41d.eot]
[eokulyd.meb.gov.tr/theme/able/assets/fonts/pct.woff]
[eokulyd.meb.gov.tr/theme/able/assets/fonts/pct.ttf]
[eokulyd.meb.gov.tr/theme/able/assets/fonts/feather6cfa.eot]
[eokulyd.meb.gov.tr/theme/able/assets/fonts/feather6cfa.woff]
[eokulyd.meb.gov.tr/theme/able/assets/fonts/feather6cfa.ttf]
[eokulyd.meb.gov.tr/theme/able/assets/fonts/fa-brands-400.eot]
[eokulyd.meb.gov.tr/theme/able/assets/fonts/fa-brands-400d41d.eot]
[eokulyd.meb.gov.tr/theme/able/assets/fonts/fa-brands-400.woff]
[eokulyd.meb.gov.tr/theme/able/assets/fonts/fa-brands-400.ttf]
[eokulyd.meb.gov.tr/theme/able/assets/fonts/fa-regular-400.eot]
[eokulyd.meb.gov.tr/theme/able/assets/fonts/fa-regular-400d41d.eot]
[eokulyd.meb.gov.tr/theme/able/assets/fonts/fa-regular-400.woff]
[eokulyd.meb.gov.tr/theme/able/assets/fonts/fa-regular-400.ttf]
[eokulyd.meb.gov.tr/theme/able/assets/fonts/fa-solid-900.eot]
[eokulyd.meb.gov.tr/theme/able/assets/fonts/fa-solid-900d41d.eot]
[eokulyd.meb.gov.tr/theme/able/assets/fonts/fa-solid-900.woff]
[eokulyd.meb.gov.tr/theme/able/assets/fonts/fa-solid-900.ttf]
[eokulyd.meb.gov.tr/theme/able/assets/fonts/cryptocoins.woff]
[eokulyd.meb.gov.tr/theme/able/assets/fonts/cryptocoins.ttf]
[eokulyd.meb.gov.tr/theme/able/assets/images/nav-bg/body-bg-eokul2.png]
[eokulyd.meb.gov.tr/theme/able/assets/images/nav-bg/body-bg-1.jpg]
[eokulyd.meb.gov.tr/theme/able/assets/images/nav-bg/body-bg-2.jpg]
[eokulyd.meb.gov.tr/theme/able/assets/images/nav-bg/body-bg-3.jpg]
[eokulyd.meb.gov.tr/theme/able/assets/images/nav-bg/body-bg-4.jpg]
[eokulyd.meb.gov.tr/theme/able/assets/images/nav-bg/body-bg-5.jpg]
[eokulyd.meb.gov.tr/theme/able/assets/images/nav-bg/body-bg-6.jpg]
[eokulyd.meb.gov.tr/theme/able/assets/css/style.css]
[eokulyd.meb.gov.tr/theme/able/assets/css/eokulmenuicon.css]
[eokulyd.meb.gov.tr/SinavIslemleri/css/eokul.html]
[eokulyd.meb.gov.tr/images/new/kabartma_over_d.html]
[eokulyd.meb.gov.tr/POST.html]
[eokulyd.meb.gov.tr/theme/able/assets/css/plugins/animate.min.css]
[eokulyd.meb.gov.tr/theme/able/assets/fonts/opensans/mem8YaGs126MiZpBA-UFWJ0bbck.html]
[eokulyd.meb.gov.tr/theme/able/assets/fonts/opensans/mem8YaGs126MiZpBA-UFUZ0bbck.html]
[eokulyd.meb.gov.tr/theme/able/assets/fonts/opensans/mem8YaGs126MiZpBA-UFWZ0bbck.html]
[eokulyd.meb.gov.tr/theme/able/assets/fonts/opensans/mem8YaGs126MiZpBA-UFVp0bbck.html]
[eokulyd.meb.gov.tr/theme/able/assets/fonts/opensans/mem8YaGs126MiZpBA-UFWp0bbck.html]
[eokulyd.meb.gov.tr/theme/able/assets/fonts/opensans/mem8YaGs126MiZpBA-UFW50bbck.html]
[eokulyd.meb.gov.tr/theme/able/assets/fonts/opensans/mem5YaGs126MiZpBA-UNirkOX-hpOqc.html]
[eokulyd.meb.gov.tr/theme/able/assets/fonts/opensans/mem5YaGs126MiZpBA-UNirkOVuhpOqc.html]
[eokulyd.meb.gov.tr/theme/able/assets/fonts/opensans/mem5YaGs126MiZpBA-UNirkOXuhpOqc.html]
[eokulyd.meb.gov.tr/theme/able/assets/fonts/opensans/mem5YaGs126MiZpBA-UNirkOUehpOqc.html]
[eokulyd.meb.gov.tr/theme/able/assets/fonts/opensans/mem5YaGs126MiZpBA-UNirkOXehpOqc.html]
[eokulyd.meb.gov.tr/theme/able/assets/fonts/opensans/mem5YaGs126MiZpBA-UNirkOXOhpOqc.html]
[eokulyd.meb.gov.tr/theme/able/assets/fonts/pct.svg]
[eokulyd.meb.gov.tr/theme/able/assets/fonts/feather6cfa.svg]
[eokulyd.meb.gov.tr/theme/able/assets/fonts/fa-brands-400.html]
[eokulyd.meb.gov.tr/theme/able/assets/fonts/fa-brands-400.svg]
[eokulyd.meb.gov.tr/theme/able/assets/fonts/fa-regular-400.html]
[eokulyd.meb.gov.tr/theme/able/assets/fonts/fa-regular-400.svg]
[eokulyd.meb.gov.tr/theme/able/assets/fonts/fa-solid-900.html]
[eokulyd.meb.gov.tr/theme/able/assets/fonts/fa-solid-900.svg]
[eokulyd.meb.gov.tr/theme/able/assets/fonts/cryptocoins.html]
[eokulyd.meb.gov.tr/theme/able/assets/images/widget/slider5.html]
[eokulyd.meb.gov.tr/theme/able/assets/images/widget/blur-bg.html]
[eokulyd.meb.gov.tr/theme/able/assets/images/loading.html]
[eokulyd.meb.gov.tr/theme/able/assets/images/prev.html]
[eokulyd.meb.gov.tr/theme/able/assets/images/next.html]
[eokulyd.meb.gov.tr/theme/able/assets/images/close.html]
[eokulyd.meb.gov.tr/theme/able/assets/images/auth/img-auth-big.html]
[eokulyd.meb.gov.tr/theme/able/assets/images/complete.html]
